// Jest Snapshot v1, https://goo.gl/fbAQLP

exports[`render custom header button 1`] = `
<View
  style={
    Object {
      "alignItems": "center",
      "backgroundColor": "#00000075",
      "bottom": 0,
      "flex": 1,
      "justifyContent": "center",
      "left": 0,
      "position": "absolute",
      "right": 0,
      "top": 0,
      "zIndex": 10,
    }
  }
  testID="loader"
>
  <ActivityIndicator
    animating={true}
    color="#000000"
    size="large"
  />
</View>
`;
